[0m16:27:45.739880 [debug] [MainThread]: Sending event: {'category': 'dbt', 'action': 'invocation', 'label': 'start', 'context': [<snowplow_tracker.self_describing_json.SelfDescribingJson object at 0x000001C0312F8C20>, <snowplow_tracker.self_describing_json.SelfDescribingJson object at 0x000001C031D99310>, <snowplow_tracker.self_describing_json.SelfDescribingJson object at 0x000001C0323FBD90>]}


============================== 16:27:45.795029 | 6345a8d5-7c70-4908-9e4b-53edd1fd81c7 ==============================
[0m16:27:45.795029 [info ] [MainThread]: Running with dbt=1.10.15
[0m16:27:45.795768 [debug] [MainThread]: running dbt with arguments {'use_colors': 'True', 'log_format': 'default', 'cache_selected_only': 'False', 'profiles_dir': 'C:\\Users\\Sino\\.dbt', 'write_json': 'True', 'warn_error': 'None', 'log_path': 'logs', 'partial_parse': 'True', 'static_parser': 'True', 'send_anonymous_usage_stats': 'True', 'fail_fast': 'False', 'warn_error_options': 'WarnErrorOptionsV2(error=[], warn=[], silence=[])', 'indirect_selection': 'eager', 'version_check': 'True', 'use_experimental_parser': 'False', 'introspect': 'True', 'quiet': 'False', 'empty': 'None', 'log_cache_events': 'False', 'debug': 'False', 'no_print': 'None', 'invocation_command': 'dbt init qrs', 'printer_width': '80', 'target_path': 'None'}
[0m16:27:46.005439 [info ] [MainThread]: Creating dbt configuration folder at C:\Users\Sino\.dbt
[0m16:27:46.017544 [debug] [MainThread]: Starter project path: D:\Work\NovaTech\QRS\dbt\.venv\Lib\site-packages\dbt\include\starter_project
[0m16:27:46.063427 [info ] [MainThread]: 
Your new dbt project "qrs" was created!

For more information on how to configure the profiles.yml file,
please consult the dbt documentation here:

  https://docs.getdbt.com/docs/configure-your-profile

One more thing:

Need help? Don't hesitate to reach out to us via GitHub issues or on Slack:

  https://community.getdbt.com/

Happy modeling!

[0m16:27:46.064241 [info ] [MainThread]: Setting up your profile.
[0m16:33:07.079099 [info ] [MainThread]: Profile qrs written to C:\Users\Sino\.dbt\profiles.yml using target's profile_template.yml and your supplied values. Run 'dbt debug' to validate the connection.
[0m16:33:07.081145 [debug] [MainThread]: Command `dbt init` succeeded at 16:33:07.081023 after 321.59 seconds
[0m16:33:07.081589 [debug] [MainThread]: Sending event: {'category': 'dbt', 'action': 'invocation', 'label': 'end', 'context': [<snowplow_tracker.self_describing_json.SelfDescribingJson object at 0x000001C033E92190>, <snowplow_tracker.self_describing_json.SelfDescribingJson object at 0x000001C033EB29F0>, <snowplow_tracker.self_describing_json.SelfDescribingJson object at 0x000001C03228FDF0>]}
[0m16:33:07.082045 [debug] [MainThread]: Flushing usage events
[0m16:33:08.870512 [debug] [MainThread]: An error was encountered while trying to flush usage events
[0m16:34:39.444984 [debug] [MainThread]: Sending event: {'category': 'dbt', 'action': 'invocation', 'label': 'start', 'context': [<snowplow_tracker.self_describing_json.SelfDescribingJson object at 0x000002333473CC20>, <snowplow_tracker.self_describing_json.SelfDescribingJson object at 0x00000233351D9310>, <snowplow_tracker.self_describing_json.SelfDescribingJson object at 0x000002333583BD90>]}


============================== 16:34:39.457646 | b7a4309e-d83c-4280-8e32-29634b4012fd ==============================
[0m16:34:39.457646 [info ] [MainThread]: Running with dbt=1.10.15
[0m16:34:39.458297 [debug] [MainThread]: running dbt with arguments {'use_colors': 'True', 'no_print': 'None', 'write_json': 'True', 'profiles_dir': 'C:\\Users\\Sino\\.dbt', 'cache_selected_only': 'False', 'warn_error': 'None', 'indirect_selection': 'eager', 'partial_parse': 'True', 'static_parser': 'True', 'send_anonymous_usage_stats': 'True', 'fail_fast': 'False', 'warn_error_options': 'WarnErrorOptionsV2(error=[], warn=[], silence=[])', 'log_path': 'logs', 'version_check': 'True', 'use_experimental_parser': 'False', 'quiet': 'False', 'introspect': 'True', 'empty': 'None', 'log_cache_events': 'False', 'debug': 'False', 'log_format': 'default', 'invocation_command': 'dbt debug', 'printer_width': '80', 'target_path': 'None'}
[0m16:34:39.518797 [info ] [MainThread]: dbt version: 1.10.15
[0m16:34:39.519397 [info ] [MainThread]: python version: 3.13.10
[0m16:34:39.519870 [info ] [MainThread]: python path: D:\Work\NovaTech\QRS\dbt\.venv\Scripts\python.exe
[0m16:34:39.520284 [info ] [MainThread]: os info: Windows-11-10.0.26200-SP0
[0m16:34:39.609934 [info ] [MainThread]: Using profiles dir at C:\Users\Sino\.dbt
[0m16:34:39.610546 [info ] [MainThread]: Using profiles.yml file at C:\Users\Sino\.dbt\profiles.yml
[0m16:34:39.610980 [info ] [MainThread]: Using dbt_project.yml file at D:\Work\NovaTech\QRS\dbt\dbt_project.yml
[0m16:34:39.612562 [info ] [MainThread]: adapter type: postgres
[0m16:34:39.612922 [info ] [MainThread]: adapter version: 1.9.1
[0m16:34:39.613424 [info ] [MainThread]: Configuration:
[0m16:34:39.613766 [info ] [MainThread]:   profiles.yml file [[32mOK found and valid[0m]
[0m16:34:39.614079 [info ] [MainThread]:   dbt_project.yml file [[31mERROR not found[0m]
[0m16:34:39.614377 [info ] [MainThread]: Required dependencies:
[0m16:34:39.614693 [debug] [MainThread]: Executing "git --help"
[0m16:34:39.758363 [debug] [MainThread]: STDOUT: "b"usage: git [-v | --version] [-h | --help] [-C <path>] [-c <name>=<value>]\n           [--exec-path[=<path>]] [--html-path] [--man-path] [--info-path]\n           [-p | --paginate | -P | --no-pager] [--no-replace-objects] [--no-lazy-fetch]\n           [--no-optional-locks] [--no-advice] [--bare] [--git-dir=<path>]\n           [--work-tree=<path>] [--namespace=<name>] [--config-env=<name>=<envvar>]\n           <command> [<args>]\n\nThese are common Git commands used in various situations:\n\nstart a working area (see also: git help tutorial)\n   clone      Clone a repository into a new directory\n   init       Create an empty Git repository or reinitialize an existing one\n\nwork on the current change (see also: git help everyday)\n   add        Add file contents to the index\n   mv         Move or rename a file, a directory, or a symlink\n   restore    Restore working tree files\n   rm         Remove files from the working tree and from the index\n\nexamine the history and state (see also: git help revisions)\n   bisect     Use binary search to find the commit that introduced a bug\n   diff       Show changes between commits, commit and working tree, etc\n   grep       Print lines matching a pattern\n   log        Show commit logs\n   show       Show various types of objects\n   status     Show the working tree status\n\ngrow, mark and tweak your common history\n   backfill   Download missing objects in a partial clone\n   branch     List, create, or delete branches\n   commit     Record changes to the repository\n   merge      Join two or more development histories together\n   rebase     Reapply commits on top of another base tip\n   reset      Reset current HEAD to the specified state\n   switch     Switch branches\n   tag        Create, list, delete or verify a tag object signed with GPG\n\ncollaborate (see also: git help workflows)\n   fetch      Download objects and refs from another repository\n   pull       Fetch from and integrate with another repository or a local branch\n   push       Update remote refs along with associated objects\n\n'git help -a' and 'git help -g' list available subcommands and some\nconcept guides. See 'git help <command>' or 'git help <concept>'\nto read about a specific subcommand or concept.\nSee 'git help git' for an overview of the system.\n""
[0m16:34:39.758892 [debug] [MainThread]: STDERR: "b''"
[0m16:34:39.759235 [info ] [MainThread]:  - git [[32mOK found[0m]

[0m16:34:39.759631 [info ] [MainThread]: Connection:
[0m16:34:39.760054 [info ] [MainThread]:   host: 172.16.1.233
[0m16:34:39.760439 [info ] [MainThread]:   port: 5432
[0m16:34:39.760772 [info ] [MainThread]:   user: postgres
[0m16:34:39.761061 [info ] [MainThread]:   database: postgres
[0m16:34:39.761347 [info ] [MainThread]:   schema: public
[0m16:34:39.761684 [info ] [MainThread]:   connect_timeout: 10
[0m16:34:39.761981 [info ] [MainThread]:   role: None
[0m16:34:39.762263 [info ] [MainThread]:   search_path: None
[0m16:34:39.762546 [info ] [MainThread]:   keepalives_idle: 0
[0m16:34:39.762825 [info ] [MainThread]:   sslmode: None
[0m16:34:39.763101 [info ] [MainThread]:   sslcert: None
[0m16:34:39.763378 [info ] [MainThread]:   sslkey: None
[0m16:34:39.763653 [info ] [MainThread]:   sslrootcert: None
[0m16:34:39.763928 [info ] [MainThread]:   application_name: dbt
[0m16:34:39.764301 [info ] [MainThread]:   retries: 1
[0m16:34:39.765151 [info ] [MainThread]: Registered adapter: postgres=1.9.1
[0m16:34:41.856457 [debug] [MainThread]: Acquiring new postgres connection 'debug'
[0m16:34:42.165267 [debug] [MainThread]: Using postgres connection "debug"
[0m16:34:42.165646 [debug] [MainThread]: On debug: select 1 as id
[0m16:34:42.165894 [debug] [MainThread]: Opening a new connection, currently in state init
[0m16:34:42.911582 [debug] [MainThread]: SQL status: SELECT 1 in 0.746 seconds
[0m16:34:42.913575 [debug] [MainThread]: On debug: Close
[0m16:34:42.914981 [info ] [MainThread]:   Connection test: [[32mOK connection ok[0m]

[0m16:34:42.916100 [info ] [MainThread]: [31m1 check failed:[0m
[0m16:34:42.916580 [info ] [MainThread]: Project loading failed for the following reason:
 project path <D:\Work\NovaTech\QRS\dbt\dbt_project.yml> not found

[0m16:34:42.919463 [debug] [MainThread]: Command `dbt debug` failed at 16:34:42.919122 after 3.73 seconds
[0m16:34:42.919977 [debug] [MainThread]: Connection 'debug' was properly closed.
[0m16:34:42.920300 [debug] [MainThread]: Sending event: {'category': 'dbt', 'action': 'invocation', 'label': 'end', 'context': [<snowplow_tracker.self_describing_json.SelfDescribingJson object at 0x0000023337063CE0>, <snowplow_tracker.self_describing_json.SelfDescribingJson object at 0x000002333710E330>, <snowplow_tracker.self_describing_json.SelfDescribingJson object at 0x00000233358F3130>]}
[0m16:34:42.920675 [debug] [MainThread]: Flushing usage events
[0m16:34:44.445015 [debug] [MainThread]: An error was encountered while trying to flush usage events
[0m18:17:34.911815 [debug] [MainThread]: Sending event: {'category': 'dbt', 'action': 'invocation', 'label': 'start', 'context': [<snowplow_tracker.self_describing_json.SelfDescribingJson object at 0x000001FF7FE84D70>, <snowplow_tracker.self_describing_json.SelfDescribingJson object at 0x000001FF00BC9310>, <snowplow_tracker.self_describing_json.SelfDescribingJson object at 0x000001FF0122BD90>]}


============================== 18:17:34.923067 | d8c2ea00-9a28-4949-8d68-ddcf6306c8e6 ==============================
[0m18:17:34.923067 [info ] [MainThread]: Running with dbt=1.10.15
[0m18:17:34.923820 [debug] [MainThread]: running dbt with arguments {'printer_width': '80', 'use_colors': 'True', 'write_json': 'True', 'profiles_dir': 'C:\\Users\\Sino\\.dbt', 'log_format': 'default', 'warn_error': 'None', 'static_parser': 'True', 'partial_parse': 'True', 'indirect_selection': 'eager', 'send_anonymous_usage_stats': 'True', 'fail_fast': 'False', 'warn_error_options': 'WarnErrorOptionsV2(error=[], warn=[], silence=[])', 'log_path': 'logs', 'version_check': 'True', 'use_experimental_parser': 'False', 'quiet': 'False', 'introspect': 'True', 'empty': 'False', 'log_cache_events': 'False', 'debug': 'False', 'no_print': 'None', 'invocation_command': 'dbt run', 'cache_selected_only': 'False', 'target_path': 'None'}
[0m18:17:34.924604 [error] [MainThread]: Encountered an error:
Runtime Error
  No dbt_project.yml found at expected path D:\Work\NovaTech\QRS\dbt\dbt_project.yml
  Verify that each entry within packages.yml (and their transitive dependencies) contains a file named dbt_project.yml
  
[0m18:17:34.926663 [debug] [MainThread]: Command `dbt run` failed at 18:17:34.926501 after 0.27 seconds
[0m18:17:34.927048 [debug] [MainThread]: Sending event: {'category': 'dbt', 'action': 'invocation', 'label': 'end', 'context': [<snowplow_tracker.self_describing_json.SelfDescribingJson object at 0x000001FF01269BA0>, <snowplow_tracker.self_describing_json.SelfDescribingJson object at 0x000001FF011332F0>, <snowplow_tracker.self_describing_json.SelfDescribingJson object at 0x000001FF010BF460>]}
[0m18:17:34.927472 [debug] [MainThread]: Flushing usage events
[0m18:17:40.048410 [debug] [MainThread]: An error was encountered while trying to flush usage events
[0m15:31:19.323793 [debug] [MainThread]: Sending event: {'category': 'dbt', 'action': 'invocation', 'label': 'start', 'context': [<snowplow_tracker.self_describing_json.SelfDescribingJson object at 0x0000019465D24D70>, <snowplow_tracker.self_describing_json.SelfDescribingJson object at 0x00000194667C9310>, <snowplow_tracker.self_describing_json.SelfDescribingJson object at 0x0000019466E2BD90>]}


============================== 15:31:19.335872 | 48d4f538-1d6b-4254-9983-481eb5065b38 ==============================
[0m15:31:19.335872 [info ] [MainThread]: Running with dbt=1.10.15
[0m15:31:19.336924 [debug] [MainThread]: running dbt with arguments {'printer_width': '80', 'no_print': 'None', 'write_json': 'True', 'profiles_dir': 'C:\\Users\\Sino\\.dbt', 'invocation_command': 'dbt run', 'warn_error': 'None', 'indirect_selection': 'eager', 'fail_fast': 'False', 'log_path': 'logs', 'send_anonymous_usage_stats': 'True', 'partial_parse': 'True', 'warn_error_options': 'WarnErrorOptionsV2(error=[], warn=[], silence=[])', 'static_parser': 'True', 'use_experimental_parser': 'False', 'version_check': 'True', 'introspect': 'True', 'quiet': 'False', 'empty': 'False', 'log_cache_events': 'False', 'debug': 'False', 'log_format': 'default', 'use_colors': 'True', 'cache_selected_only': 'False', 'target_path': 'None'}
[0m15:31:19.337743 [error] [MainThread]: Encountered an error:
Runtime Error
  No dbt_project.yml found at expected path D:\Work\NovaTech\QRS\dbt\dbt_project.yml
  Verify that each entry within packages.yml (and their transitive dependencies) contains a file named dbt_project.yml
  
[0m15:31:19.339352 [debug] [MainThread]: Command `dbt run` failed at 15:31:19.339214 after 0.21 seconds
[0m15:31:19.339662 [debug] [MainThread]: Sending event: {'category': 'dbt', 'action': 'invocation', 'label': 'end', 'context': [<snowplow_tracker.self_describing_json.SelfDescribingJson object at 0x0000019466E69BA0>, <snowplow_tracker.self_describing_json.SelfDescribingJson object at 0x0000019466D3B2F0>, <snowplow_tracker.self_describing_json.SelfDescribingJson object at 0x0000019466CBF460>]}
[0m15:31:19.340042 [debug] [MainThread]: Flushing usage events
[0m15:31:20.633392 [debug] [MainThread]: An error was encountered while trying to flush usage events
[0m11:58:16.689386 [debug] [MainThread]: Sending event: {'category': 'dbt', 'action': 'invocation', 'label': 'start', 'context': [<snowplow_tracker.self_describing_json.SelfDescribingJson object at 0x79e4cbbac6e0>, <snowplow_tracker.self_describing_json.SelfDescribingJson object at 0x79e4cb3a0f50>, <snowplow_tracker.self_describing_json.SelfDescribingJson object at 0x79e4cae13d90>]}


============================== 11:58:16.775962 | d5a53877-19f4-4ca6-9764-ab57944c3184 ==============================
[0m11:58:16.775962 [info ] [MainThread]: Running with dbt=1.10.16
[0m11:58:16.776642 [debug] [MainThread]: running dbt with arguments {'empty': 'None', 'version_check': 'True', 'debug': 'False', 'use_experimental_parser': 'False', 'write_json': 'True', 'warn_error_options': 'WarnErrorOptionsV2(error=[], warn=[], silence=[])', 'printer_width': '80', 'introspect': 'True', 'no_print': 'None', 'cache_selected_only': 'False', 'log_path': 'logs', 'indirect_selection': 'eager', 'use_colors': 'True', 'log_cache_events': 'False', 'fail_fast': 'False', 'static_parser': 'True', 'quiet': 'False', 'profiles_dir': '/home/jesse/.dbt', 'invocation_command': 'dbt seed', 'log_format': 'default', 'partial_parse': 'True', 'send_anonymous_usage_stats': 'True', 'target_path': 'None', 'warn_error': 'None'}
[0m11:58:16.777544 [error] [MainThread]: Encountered an error:
Runtime Error
  No dbt_project.yml found at expected path /mnt/d/Work/NovaTech/QRS/dbt/dbt_project.yml
  Verify that each entry within packages.yml (and their transitive dependencies) contains a file named dbt_project.yml
  
[0m11:58:16.778441 [debug] [MainThread]: Resource report: {"command_name": "seed", "command_success": false, "command_wall_clock_time": 0.14400622, "process_in_blocks": "27048", "process_kernel_time": 1.277402, "process_mem_max_rss": "118856", "process_out_blocks": "72", "process_user_time": 1.597865}
[0m11:58:16.778977 [debug] [MainThread]: Command `dbt seed` failed at 11:58:16.778895 after 0.14 seconds
[0m11:58:16.779415 [debug] [MainThread]: Sending event: {'category': 'dbt', 'action': 'invocation', 'label': 'end', 'context': [<snowplow_tracker.self_describing_json.SelfDescribingJson object at 0x79e4cac70e90>, <snowplow_tracker.self_describing_json.SelfDescribingJson object at 0x79e4caeff770>, <snowplow_tracker.self_describing_json.SelfDescribingJson object at 0x79e4cae87bd0>]}
[0m11:58:16.779876 [debug] [MainThread]: Flushing usage events
[0m11:58:20.813382 [debug] [MainThread]: An error was encountered while trying to flush usage events
[0m11:59:05.027081 [debug] [MainThread]: Sending event: {'category': 'dbt', 'action': 'invocation', 'label': 'start', 'context': [<snowplow_tracker.self_describing_json.SelfDescribingJson object at 0x7650ce0d46e0>, <snowplow_tracker.self_describing_json.SelfDescribingJson object at 0x7650cdac4f50>, <snowplow_tracker.self_describing_json.SelfDescribingJson object at 0x7650cd33bd90>]}


============================== 11:59:05.042649 | bf4add3e-b475-4736-bb96-040e7d24350d ==============================
[0m11:59:05.042649 [info ] [MainThread]: Running with dbt=1.10.16
[0m11:59:05.043286 [debug] [MainThread]: running dbt with arguments {'profiles_dir': '/home/jesse/.dbt', 'log_path': 'logs', 'fail_fast': 'False', 'write_json': 'True', 'indirect_selection': 'eager', 'static_parser': 'True', 'use_experimental_parser': 'False', 'send_anonymous_usage_stats': 'True', 'target_path': 'None', 'log_cache_events': 'False', 'quiet': 'False', 'version_check': 'True', 'cache_selected_only': 'False', 'invocation_command': 'dbt seed', 'printer_width': '80', 'debug': 'False', 'introspect': 'True', 'empty': 'None', 'no_print': 'None', 'use_colors': 'True', 'warn_error_options': 'WarnErrorOptionsV2(error=[], warn=[], silence=[])', 'log_format': 'default', 'warn_error': 'None', 'partial_parse': 'True'}
[0m11:59:05.044150 [error] [MainThread]: Encountered an error:
Runtime Error
  No dbt_project.yml found at expected path /mnt/d/Work/NovaTech/QRS/dbt/dbt_project.yml
  Verify that each entry within packages.yml (and their transitive dependencies) contains a file named dbt_project.yml
  
[0m11:59:05.044952 [debug] [MainThread]: Resource report: {"command_name": "seed", "command_success": false, "command_wall_clock_time": 0.07457618, "process_in_blocks": "11704", "process_kernel_time": 1.198725, "process_mem_max_rss": "98368", "process_out_blocks": "0", "process_user_time": 1.433441}
[0m11:59:05.045505 [debug] [MainThread]: Command `dbt seed` failed at 11:59:05.045421 after 0.08 seconds
[0m11:59:05.045983 [debug] [MainThread]: Sending event: {'category': 'dbt', 'action': 'invocation', 'label': 'end', 'context': [<snowplow_tracker.self_describing_json.SelfDescribingJson object at 0x7650cd390e90>, <snowplow_tracker.self_describing_json.SelfDescribingJson object at 0x7650cd427890>, <snowplow_tracker.self_describing_json.SelfDescribingJson object at 0x7650cd5abbd0>]}
[0m11:59:05.046464 [debug] [MainThread]: Flushing usage events
[0m11:59:06.627966 [debug] [MainThread]: An error was encountered while trying to flush usage events
[0m18:05:20.645982 [debug] [MainThread]: Sending event: {'category': 'dbt', 'action': 'invocation', 'label': 'start', 'context': [<snowplow_tracker.self_describing_json.SelfDescribingJson object at 0x788afe0ac6e0>, <snowplow_tracker.self_describing_json.SelfDescribingJson object at 0x788afd89cf50>, <snowplow_tracker.self_describing_json.SelfDescribingJson object at 0x788afd30fd90>]}


============================== 18:05:20.667169 | a036e757-714e-44af-9498-308c3d612dc0 ==============================
[0m18:05:20.667169 [info ] [MainThread]: Running with dbt=1.10.16
[0m18:05:20.667985 [debug] [MainThread]: running dbt with arguments {'static_parser': 'True', 'version_check': 'True', 'quiet': 'False', 'indirect_selection': 'eager', 'invocation_command': 'dbt compile --select staging.*', 'printer_width': '80', 'write_json': 'True', 'cache_selected_only': 'False', 'debug': 'False', 'target_path': 'None', 'fail_fast': 'False', 'profiles_dir': '/home/jesse/.dbt', 'no_print': 'None', 'use_experimental_parser': 'False', 'log_path': 'logs', 'partial_parse': 'True', 'log_format': 'default', 'send_anonymous_usage_stats': 'True', 'warn_error': 'None', 'log_cache_events': 'False', 'warn_error_options': 'WarnErrorOptionsV2(error=[], warn=[], silence=[])', 'use_colors': 'True', 'introspect': 'True', 'empty': 'False'}
[0m18:05:20.668977 [error] [MainThread]: Encountered an error:
Runtime Error
  No dbt_project.yml found at expected path /mnt/d/Work/NovaTech/QRS/dbt/dbt_project.yml
  Verify that each entry within packages.yml (and their transitive dependencies) contains a file named dbt_project.yml
  
[0m18:05:20.670084 [debug] [MainThread]: Resource report: {"command_name": "compile", "command_success": false, "command_wall_clock_time": 0.10033776, "process_in_blocks": "26872", "process_kernel_time": 1.38064, "process_mem_max_rss": "98224", "process_out_blocks": "0", "process_user_time": 1.781067}
[0m18:05:20.670740 [debug] [MainThread]: Command `dbt compile` failed at 18:05:20.670640 after 0.10 seconds
[0m18:05:20.671290 [debug] [MainThread]: Sending event: {'category': 'dbt', 'action': 'invocation', 'label': 'end', 'context': [<snowplow_tracker.self_describing_json.SelfDescribingJson object at 0x788afd364e90>, <snowplow_tracker.self_describing_json.SelfDescribingJson object at 0x788afd3fb890>, <snowplow_tracker.self_describing_json.SelfDescribingJson object at 0x788afd37fbd0>]}
[0m18:05:20.671850 [debug] [MainThread]: Flushing usage events
[0m18:05:22.131148 [debug] [MainThread]: An error was encountered while trying to flush usage events
[0m11:42:06.080735 [debug] [MainThread]: Sending event: {'category': 'dbt', 'action': 'invocation', 'label': 'start', 'context': [<snowplow_tracker.self_describing_json.SelfDescribingJson object at 0x7c5198fb86e0>, <snowplow_tracker.self_describing_json.SelfDescribingJson object at 0x7c5198988f50>, <snowplow_tracker.self_describing_json.SelfDescribingJson object at 0x7c51981e3d90>]}


============================== 11:42:06.095116 | 7a475315-e286-4fbc-b5c2-2945c1b7354a ==============================
[0m11:42:06.095116 [info ] [MainThread]: Running with dbt=1.10.16
[0m11:42:06.095866 [debug] [MainThread]: running dbt with arguments {'invocation_command': 'dbt compile', 'printer_width': '80', 'warn_error': 'None', 'log_cache_events': 'False', 'fail_fast': 'False', 'log_path': 'logs', 'use_colors': 'True', 'quiet': 'False', 'indirect_selection': 'eager', 'log_format': 'default', 'no_print': 'None', 'profiles_dir': '/home/jesse/.dbt', 'warn_error_options': 'WarnErrorOptionsV2(error=[], warn=[], silence=[])', 'send_anonymous_usage_stats': 'True', 'use_experimental_parser': 'False', 'cache_selected_only': 'False', 'target_path': 'None', 'version_check': 'True', 'debug': 'False', 'introspect': 'True', 'empty': 'False', 'static_parser': 'True', 'write_json': 'True', 'partial_parse': 'True'}
[0m11:42:06.096768 [error] [MainThread]: Encountered an error:
Runtime Error
  No dbt_project.yml found at expected path /mnt/d/Work/NovaTech/QRS/dbt/dbt_project.yml
  Verify that each entry within packages.yml (and their transitive dependencies) contains a file named dbt_project.yml
  
[0m11:42:06.097563 [debug] [MainThread]: Resource report: {"command_name": "compile", "command_success": false, "command_wall_clock_time": 0.07443359, "process_in_blocks": "9536", "process_kernel_time": 1.244667, "process_mem_max_rss": "97868", "process_out_blocks": "0", "process_user_time": 1.544641}
[0m11:42:06.098098 [debug] [MainThread]: Command `dbt compile` failed at 11:42:06.098012 after 0.08 seconds
[0m11:42:06.098605 [debug] [MainThread]: Sending event: {'category': 'dbt', 'action': 'invocation', 'label': 'end', 'context': [<snowplow_tracker.self_describing_json.SelfDescribingJson object at 0x7c519823ce90>, <snowplow_tracker.self_describing_json.SelfDescribingJson object at 0x7c51982d3890>, <snowplow_tracker.self_describing_json.SelfDescribingJson object at 0x7c519845bbd0>]}
[0m11:42:06.099081 [debug] [MainThread]: Flushing usage events
[0m11:42:08.791094 [debug] [MainThread]: An error was encountered while trying to flush usage events
[0m11:43:37.749444 [debug] [MainThread]: Sending event: {'category': 'dbt', 'action': 'invocation', 'label': 'start', 'context': [<snowplow_tracker.self_describing_json.SelfDescribingJson object at 0x7b9f5ede46e0>, <snowplow_tracker.self_describing_json.SelfDescribingJson object at 0x7b9f5e5d4f50>, <snowplow_tracker.self_describing_json.SelfDescribingJson object at 0x7b9f5e047d90>]}


============================== 11:43:37.762885 | 9ef2d24a-24ff-4b93-834f-28f2fbe0980c ==============================
[0m11:43:37.762885 [info ] [MainThread]: Running with dbt=1.10.16
[0m11:43:37.763491 [debug] [MainThread]: running dbt with arguments {'target_path': 'None', 'printer_width': '80', 'introspect': 'True', 'cache_selected_only': 'False', 'warn_error_options': 'WarnErrorOptionsV2(error=[], warn=[], silence=[])', 'log_format': 'default', 'partial_parse': 'True', 'use_experimental_parser': 'False', 'static_parser': 'True', 'send_anonymous_usage_stats': 'True', 'invocation_command': 'dbt run --full-refresh', 'warn_error': 'None', 'indirect_selection': 'eager', 'fail_fast': 'False', 'write_json': 'True', 'version_check': 'True', 'quiet': 'False', 'debug': 'False', 'profiles_dir': '/home/jesse/.dbt', 'no_print': 'None', 'log_cache_events': 'False', 'log_path': 'logs', 'empty': 'False', 'use_colors': 'True'}
[0m11:43:37.764301 [error] [MainThread]: Encountered an error:
Runtime Error
  No dbt_project.yml found at expected path /mnt/d/Work/NovaTech/QRS/dbt/dbt_project.yml
  Verify that each entry within packages.yml (and their transitive dependencies) contains a file named dbt_project.yml
  
[0m11:43:37.765033 [debug] [MainThread]: Resource report: {"command_name": "run", "command_success": false, "command_wall_clock_time": 0.06982296, "process_in_blocks": "9536", "process_kernel_time": 1.399847, "process_mem_max_rss": "97648", "process_out_blocks": "0", "process_user_time": 1.555386}
[0m11:43:37.765537 [debug] [MainThread]: Command `dbt run` failed at 11:43:37.765455 after 0.07 seconds
[0m11:43:37.765973 [debug] [MainThread]: Sending event: {'category': 'dbt', 'action': 'invocation', 'label': 'end', 'context': [<snowplow_tracker.self_describing_json.SelfDescribingJson object at 0x7b9f5e0a0e90>, <snowplow_tracker.self_describing_json.SelfDescribingJson object at 0x7b9f5e133890>, <snowplow_tracker.self_describing_json.SelfDescribingJson object at 0x7b9f5e2b7bd0>]}
[0m11:43:37.766413 [debug] [MainThread]: Flushing usage events
[0m11:43:38.941265 [debug] [MainThread]: An error was encountered while trying to flush usage events
[0m14:19:02.722462 [debug] [MainThread]: Sending event: {'category': 'dbt', 'action': 'invocation', 'label': 'start', 'context': [<snowplow_tracker.self_describing_json.SelfDescribingJson object at 0x7bee6d5b06e0>, <snowplow_tracker.self_describing_json.SelfDescribingJson object at 0x7bee6cda4f50>, <snowplow_tracker.self_describing_json.SelfDescribingJson object at 0x7bee6c817d90>]}


============================== 14:19:02.747751 | 3c3cadd5-122b-4a1a-ae0d-929a01e22877 ==============================
[0m14:19:02.747751 [info ] [MainThread]: Running with dbt=1.10.16
[0m14:19:02.748590 [debug] [MainThread]: running dbt with arguments {'introspect': 'True', 'use_colors': 'True', 'warn_error_options': 'WarnErrorOptionsV2(error=[], warn=[], silence=[])', 'log_format': 'default', 'target_path': 'None', 'use_experimental_parser': 'False', 'static_parser': 'True', 'send_anonymous_usage_stats': 'True', 'debug': 'False', 'version_check': 'True', 'write_json': 'True', 'profiles_dir': '/home/jesse/.dbt', 'no_print': 'None', 'fail_fast': 'False', 'quiet': 'False', 'empty': 'None', 'log_path': 'logs', 'warn_error': 'None', 'printer_width': '80', 'invocation_command': 'dbt docs generate', 'cache_selected_only': 'False', 'indirect_selection': 'eager', 'partial_parse': 'True', 'log_cache_events': 'False'}
[0m14:19:02.749851 [error] [MainThread]: Encountered an error:
Runtime Error
  No dbt_project.yml found at expected path /mnt/d/Work/NovaTech/QRS/dbt/dbt_project.yml
  Verify that each entry within packages.yml (and their transitive dependencies) contains a file named dbt_project.yml
  
[0m14:19:02.751047 [debug] [MainThread]: Resource report: {"command_name": "generate", "command_success": false, "command_wall_clock_time": 0.10366076, "process_in_blocks": "16552", "process_kernel_time": 1.678522, "process_mem_max_rss": "97260", "process_out_blocks": "0", "process_user_time": 2.282085}
[0m14:19:02.751858 [debug] [MainThread]: Command `dbt docs generate` failed at 14:19:02.751755 after 0.10 seconds
[0m14:19:02.752429 [debug] [MainThread]: Sending event: {'category': 'dbt', 'action': 'invocation', 'label': 'end', 'context': [<snowplow_tracker.self_describing_json.SelfDescribingJson object at 0x7bee6c670fc0>, <snowplow_tracker.self_describing_json.SelfDescribingJson object at 0x7bee6c903890>, <snowplow_tracker.self_describing_json.SelfDescribingJson object at 0x7bee6c88bbd0>]}
[0m14:19:02.753101 [debug] [MainThread]: Flushing usage events
[0m14:19:06.135943 [debug] [MainThread]: An error was encountered while trying to flush usage events
[0m14:33:35.759819 [debug] [MainThread]: Sending event: {'category': 'dbt', 'action': 'invocation', 'label': 'start', 'context': [<snowplow_tracker.self_describing_json.SelfDescribingJson object at 0x7cc687bdc6e0>, <snowplow_tracker.self_describing_json.SelfDescribingJson object at 0x7cc6873ccf50>, <snowplow_tracker.self_describing_json.SelfDescribingJson object at 0x7cc686e3fd90>]}


============================== 14:33:35.775475 | ba7b37d4-b26f-46e9-a0df-058dde62fc31 ==============================
[0m14:33:35.775475 [info ] [MainThread]: Running with dbt=1.10.16
[0m14:33:35.776125 [debug] [MainThread]: running dbt with arguments {'introspect': 'True', 'use_experimental_parser': 'False', 'log_format': 'default', 'warn_error_options': 'WarnErrorOptionsV2(error=[], warn=[], silence=[])', 'write_json': 'True', 'indirect_selection': 'eager', 'version_check': 'True', 'log_path': 'logs', 'log_cache_events': 'False', 'no_print': 'None', 'profiles_dir': '/home/jesse/.dbt', 'printer_width': '80', 'use_colors': 'True', 'partial_parse': 'True', 'static_parser': 'True', 'warn_error': 'None', 'empty': 'False', 'invocation_command': 'dbt build', 'send_anonymous_usage_stats': 'True', 'cache_selected_only': 'False', 'debug': 'False', 'fail_fast': 'False', 'quiet': 'False', 'target_path': 'None'}
[0m14:33:35.777015 [error] [MainThread]: Encountered an error:
Runtime Error
  No dbt_project.yml found at expected path /mnt/d/Work/NovaTech/QRS/dbt/dbt_project.yml
  Verify that each entry within packages.yml (and their transitive dependencies) contains a file named dbt_project.yml
  
[0m14:33:35.777844 [debug] [MainThread]: Resource report: {"command_name": "build", "command_success": false, "command_wall_clock_time": 0.075585924, "process_in_blocks": "9536", "process_kernel_time": 1.646253, "process_mem_max_rss": "96896", "process_out_blocks": "0", "process_user_time": 1.750561}
[0m14:33:35.778410 [debug] [MainThread]: Command `dbt build` failed at 14:33:35.778326 after 0.08 seconds
[0m14:33:35.778916 [debug] [MainThread]: Sending event: {'category': 'dbt', 'action': 'invocation', 'label': 'end', 'context': [<snowplow_tracker.self_describing_json.SelfDescribingJson object at 0x7cc686e98e90>, <snowplow_tracker.self_describing_json.SelfDescribingJson object at 0x7cc686f2b890>, <snowplow_tracker.self_describing_json.SelfDescribingJson object at 0x7cc686eb3bd0>]}
[0m14:33:35.779424 [debug] [MainThread]: Flushing usage events
[0m14:33:38.531611 [debug] [MainThread]: An error was encountered while trying to flush usage events
[0m09:53:59.878650 [debug] [MainThread]: Sending event: {'category': 'dbt', 'action': 'invocation', 'label': 'start', 'context': [<snowplow_tracker.self_describing_json.SelfDescribingJson object at 0x77d5c9154980>, <snowplow_tracker.self_describing_json.SelfDescribingJson object at 0x77d5c82bfed0>, <snowplow_tracker.self_describing_json.SelfDescribingJson object at 0x77d5c82bfb10>]}


============================== 09:53:59.904766 | 90368812-96c4-4584-bead-6f3260916a6b ==============================
[0m09:53:59.904766 [info ] [MainThread]: Running with dbt=1.11.2
[0m09:53:59.905925 [debug] [MainThread]: running dbt with arguments {'invocation_command': 'dbt docs generate', 'no_print': 'None', 'empty': 'None', 'indirect_selection': 'eager', 'use_colors': 'True', 'debug': 'False', 'send_anonymous_usage_stats': 'True', 'log_format': 'default', 'printer_width': '80', 'log_cache_events': 'False', 'write_json': 'True', 'fail_fast': 'False', 'static_parser': 'True', 'version_check': 'True', 'warn_error': 'None', 'warn_error_options': 'WarnErrorOptionsV2(error=[], warn=[], silence=[])', 'use_experimental_parser': 'False', 'introspect': 'True', 'partial_parse': 'True', 'profiles_dir': '/home/jesse/.dbt', 'quiet': 'False', 'cache_selected_only': 'False', 'target_path': 'None', 'log_path': 'logs'}
[0m09:53:59.906988 [error] [MainThread]: Encountered an error:
Runtime Error
  No dbt_project.yml found at expected path /mnt/d/Work/NovaTech/QRS/dbt/dbt_project.yml
  Verify that each entry within packages.yml (and their transitive dependencies) contains a file named dbt_project.yml
  
[0m09:53:59.908033 [debug] [MainThread]: Resource report: {"command_name": "generate", "command_success": false, "command_wall_clock_time": 0.10957214, "process_in_blocks": "9696", "process_kernel_time": 2.661533, "process_mem_max_rss": "101152", "process_out_blocks": "0", "process_user_time": 2.745493}
[0m09:53:59.908729 [debug] [MainThread]: Command `dbt docs generate` failed at 09:53:59.908600 after 0.11 seconds
[0m09:53:59.909243 [debug] [MainThread]: Sending event: {'category': 'dbt', 'action': 'invocation', 'label': 'end', 'context': [<snowplow_tracker.self_describing_json.SelfDescribingJson object at 0x77d5c80d1f30>, <snowplow_tracker.self_describing_json.SelfDescribingJson object at 0x77d5c8396b10>, <snowplow_tracker.self_describing_json.SelfDescribingJson object at 0x77d5c82fbdf0>]}
[0m09:53:59.909817 [debug] [MainThread]: Flushing usage events
[0m09:54:04.921159 [debug] [MainThread]: An error was encountered while trying to flush usage events
[0m17:35:43.494507 [debug] [MainThread]: Sending event: {'category': 'dbt', 'action': 'invocation', 'label': 'start', 'context': [<snowplow_tracker.self_describing_json.SelfDescribingJson object at 0x7a8d1cf1c980>, <snowplow_tracker.self_describing_json.SelfDescribingJson object at 0x7a8d1be8bed0>, <snowplow_tracker.self_describing_json.SelfDescribingJson object at 0x7a8d1be8bb10>]}


============================== 17:35:43.516297 | cdd6a2a3-b22a-4f64-8c73-0ed0fc0261ce ==============================
[0m17:35:43.516297 [info ] [MainThread]: Running with dbt=1.11.2
[0m17:35:43.517294 [debug] [MainThread]: running dbt with arguments {'quiet': 'False', 'log_path': 'logs', 'use_experimental_parser': 'False', 'cache_selected_only': 'False', 'log_cache_events': 'False', 'use_colors': 'True', 'empty': 'False', 'static_parser': 'True', 'debug': 'False', 'profiles_dir': '/home/jesse/.dbt', 'log_format': 'default', 'target_path': 'None', 'no_print': 'None', 'version_check': 'True', 'indirect_selection': 'eager', 'write_json': 'True', 'fail_fast': 'False', 'printer_width': '80', 'warn_error_options': 'WarnErrorOptionsV2(error=[], warn=[], silence=[])', 'warn_error': 'None', 'partial_parse': 'True', 'send_anonymous_usage_stats': 'True', 'invocation_command': 'dbt run', 'introspect': 'True'}
[0m17:35:43.518675 [error] [MainThread]: Encountered an error:
Runtime Error
  No dbt_project.yml found at expected path /mnt/d/Work/NovaTech/QRS/dbt/dbt_project.yml
  Verify that each entry within packages.yml (and their transitive dependencies) contains a file named dbt_project.yml
  
[0m17:35:43.521099 [debug] [MainThread]: Resource report: {"command_name": "run", "command_success": false, "command_wall_clock_time": 0.12711239, "process_in_blocks": "9536", "process_kernel_time": 1.982993, "process_mem_max_rss": "101244", "process_out_blocks": "0", "process_user_time": 2.411632}
[0m17:35:43.521994 [debug] [MainThread]: Command `dbt run` failed at 17:35:43.521847 after 0.13 seconds
[0m17:35:43.522673 [debug] [MainThread]: Sending event: {'category': 'dbt', 'action': 'invocation', 'label': 'end', 'context': [<snowplow_tracker.self_describing_json.SelfDescribingJson object at 0x7a8d1be99e00>, <snowplow_tracker.self_describing_json.SelfDescribingJson object at 0x7a8d1c15ab10>, <snowplow_tracker.self_describing_json.SelfDescribingJson object at 0x7a8d1c0bbdf0>]}
[0m17:35:43.523495 [debug] [MainThread]: Flushing usage events
[0m17:35:46.377185 [debug] [MainThread]: An error was encountered while trying to flush usage events
[0m09:41:30.897797 [debug] [MainThread]: Sending event: {'category': 'dbt', 'action': 'invocation', 'label': 'start', 'context': [<snowplow_tracker.self_describing_json.SelfDescribingJson object at 0x7c5ec9a14980>, <snowplow_tracker.self_describing_json.SelfDescribingJson object at 0x7c5ec8983ed0>, <snowplow_tracker.self_describing_json.SelfDescribingJson object at 0x7c5ec8983b10>]}


============================== 09:41:30.913384 | 18d587b8-b74d-4c43-a1ff-86092a0a3016 ==============================
[0m09:41:30.913384 [info ] [MainThread]: Running with dbt=1.11.2
[0m09:41:30.914115 [debug] [MainThread]: running dbt with arguments {'warn_error': 'None', 'use_colors': 'True', 'profiles_dir': '/home/jesse/.dbt', 'introspect': 'True', 'invocation_command': 'dbt run --select staging.stg_adverse_event', 'empty': 'False', 'log_cache_events': 'False', 'indirect_selection': 'eager', 'write_json': 'True', 'send_anonymous_usage_stats': 'True', 'target_path': 'None', 'partial_parse': 'True', 'log_path': 'logs', 'no_print': 'None', 'log_format': 'default', 'fail_fast': 'False', 'static_parser': 'True', 'use_experimental_parser': 'False', 'cache_selected_only': 'False', 'debug': 'False', 'quiet': 'False', 'warn_error_options': 'WarnErrorOptionsV2(error=[], warn=[], silence=[])', 'printer_width': '80', 'version_check': 'True'}
[0m09:41:30.914999 [error] [MainThread]: Encountered an error:
Runtime Error
  No dbt_project.yml found at expected path /mnt/d/Work/NovaTech/QRS/dbt/dbt_project.yml
  Verify that each entry within packages.yml (and their transitive dependencies) contains a file named dbt_project.yml
  
[0m09:41:30.915776 [debug] [MainThread]: Resource report: {"command_name": "run", "command_success": false, "command_wall_clock_time": 0.07257452, "process_in_blocks": "14912", "process_kernel_time": 1.657638, "process_mem_max_rss": "100768", "process_out_blocks": "0", "process_user_time": 1.629934}
[0m09:41:30.916268 [debug] [MainThread]: Command `dbt run` failed at 09:41:30.916167 after 0.07 seconds
[0m09:41:30.916692 [debug] [MainThread]: Sending event: {'category': 'dbt', 'action': 'invocation', 'label': 'end', 'context': [<snowplow_tracker.self_describing_json.SelfDescribingJson object at 0x7c5ec8991e00>, <snowplow_tracker.self_describing_json.SelfDescribingJson object at 0x7c5ec8c4eb10>, <snowplow_tracker.self_describing_json.SelfDescribingJson object at 0x7c5ec8bb7df0>]}
[0m09:41:30.917111 [debug] [MainThread]: Flushing usage events
[0m09:41:31.932321 [debug] [MainThread]: An error was encountered while trying to flush usage events
[0m15:59:19.289760 [debug] [MainThread]: Sending event: {'category': 'dbt', 'action': 'invocation', 'label': 'start', 'context': [<snowplow_tracker.self_describing_json.SelfDescribingJson object at 0x7c90c0c18980>, <snowplow_tracker.self_describing_json.SelfDescribingJson object at 0x7c90bfb83ed0>, <snowplow_tracker.self_describing_json.SelfDescribingJson object at 0x7c90bfb83b10>]}


============================== 15:59:19.305116 | c6b11926-2c90-4b27-b131-229ca27ab996 ==============================
[0m15:59:19.305116 [info ] [MainThread]: Running with dbt=1.11.2
[0m15:59:19.305810 [debug] [MainThread]: running dbt with arguments {'send_anonymous_usage_stats': 'True', 'cache_selected_only': 'False', 'debug': 'False', 'indirect_selection': 'eager', 'invocation_command': 'dbt seed --select quality_root_cause_categories quality_root_cause_mapping quality_risk_levels quality_risk_mapping qms_deviation qms_capa qms_change_control pv_complaint pv_product_recall --full-refresh --target=raw', 'empty': 'None', 'use_colors': 'True', 'fail_fast': 'False', 'quiet': 'False', 'version_check': 'True', 'printer_width': '80', 'log_cache_events': 'False', 'log_path': 'logs', 'warn_error': 'None', 'profiles_dir': '/home/jesse/.dbt', 'static_parser': 'True', 'partial_parse': 'True', 'use_experimental_parser': 'False', 'target_path': 'None', 'write_json': 'True', 'warn_error_options': 'WarnErrorOptionsV2(error=[], warn=[], silence=[])', 'log_format': 'default', 'introspect': 'True', 'no_print': 'None'}
[0m15:59:19.306706 [error] [MainThread]: Encountered an error:
Runtime Error
  No dbt_project.yml found at expected path /mnt/d/Work/NovaTech/QRS/dbt/dbt_project.yml
  Verify that each entry within packages.yml (and their transitive dependencies) contains a file named dbt_project.yml
  
[0m15:59:19.307585 [debug] [MainThread]: Resource report: {"command_name": "seed", "command_success": false, "command_wall_clock_time": 0.07610404, "process_in_blocks": "0", "process_kernel_time": 1.598484, "process_mem_max_rss": "101452", "process_out_blocks": "0", "process_user_time": 1.653899}
[0m15:59:19.308219 [debug] [MainThread]: Command `dbt seed` failed at 15:59:19.308119 after 0.08 seconds
[0m15:59:19.308789 [debug] [MainThread]: Sending event: {'category': 'dbt', 'action': 'invocation', 'label': 'end', 'context': [<snowplow_tracker.self_describing_json.SelfDescribingJson object at 0x7c90bfb91e00>, <snowplow_tracker.self_describing_json.SelfDescribingJson object at 0x7c90bfe56b10>, <snowplow_tracker.self_describing_json.SelfDescribingJson object at 0x7c90bfdbbf00>]}
[0m15:59:19.309350 [debug] [MainThread]: Flushing usage events
[0m15:59:21.671051 [debug] [MainThread]: An error was encountered while trying to flush usage events
[0m15:34:48.023296 [debug] [MainThread]: Sending event: {'category': 'dbt', 'action': 'invocation', 'label': 'start', 'context': [<snowplow_tracker.self_describing_json.SelfDescribingJson object at 0x7780e1c04980>, <snowplow_tracker.self_describing_json.SelfDescribingJson object at 0x7780e3608190>, <snowplow_tracker.self_describing_json.SelfDescribingJson object at 0x7780e0b77c50>]}


============================== 15:34:48.039087 | ac022fcd-d8a4-402c-a34a-c07b25bed42c ==============================
[0m15:34:48.039087 [info ] [MainThread]: Running with dbt=1.11.6
[0m15:34:48.039828 [debug] [MainThread]: running dbt with arguments {'warn_error': 'None', 'log_format': 'default', 'introspect': 'True', 'cache_selected_only': 'False', 'use_experimental_parser': 'False', 'log_path': 'logs', 'static_parser': 'True', 'target_path': 'None', 'profiles_dir': '/home/jesse/.dbt', 'debug': 'False', 'warn_error_options': 'WarnErrorOptionsV2(error=[], warn=[], silence=[])', 'version_check': 'True', 'fail_fast': 'False', 'quiet': 'False', 'log_cache_events': 'False', 'no_print': 'None', 'send_anonymous_usage_stats': 'True', 'invocation_command': 'dbt seed --select qms_change_control,qms_capa,pv_complaint,erp_customer_returns,qms_deviation,pv_product_recall,qms_risk_levels,qms_risk_mapping,qms_root_cause_categories,qms_root_cause_mapping --target=raw', 'use_colors': 'True', 'printer_width': '80', 'partial_parse': 'True', 'write_json': 'True', 'empty': 'None', 'indirect_selection': 'eager'}
[0m15:34:48.040784 [error] [MainThread]: Encountered an error:
Runtime Error
  No dbt_project.yml found at expected path /mnt/d/Work/NovaTech/QRS/dbt/dbt_project.yml
  Verify that each entry within packages.yml (and their transitive dependencies) contains a file named dbt_project.yml
  
[0m15:34:48.041952 [debug] [MainThread]: Resource report: {"command_name": "seed", "command_success": false, "command_wall_clock_time": 0.07873495, "process_in_blocks": "9544", "process_kernel_time": 1.2903, "process_mem_max_rss": "98576", "process_out_blocks": "0", "process_user_time": 1.36984}
[0m15:34:48.042626 [debug] [MainThread]: Command `dbt seed` failed at 15:34:48.042536 after 0.08 seconds
[0m15:34:48.043124 [debug] [MainThread]: Sending event: {'category': 'dbt', 'action': 'invocation', 'label': 'end', 'context': [<snowplow_tracker.self_describing_json.SelfDescribingJson object at 0x7780e0b86060>, <snowplow_tracker.self_describing_json.SelfDescribingJson object at 0x7780e0b9a450>, <snowplow_tracker.self_describing_json.SelfDescribingJson object at 0x7780e0bd0270>]}
[0m15:34:48.043719 [debug] [MainThread]: Flushing usage events
[0m15:34:49.074622 [debug] [MainThread]: An error was encountered while trying to flush usage events
